---
source: tests/class_parse.rs
expression: "to_class(include_bytes!(\"../compiled_source/out/production/compiled_source/AnnotationTarget.class\"))?"
---
magic_number:
  - start: 0
    end: 4
  - - 202
    - 254
    - 186
    - 190
java_version:
  - start: 4
    end: 8
  - V17
constant_pool_count:
  - start: 8
    end: 10
  - 19
constant_pool:
  - start: 10
    end: 266
  - len: 19
    entries:
      1:
        - start: 10
          end: 15
        - tag:
            - start: 10
              end: 11
            - MethodRef
          constant:
            - start: 11
              end: 15
            - MethodRef:
                class_index:
                  - start: 11
                    end: 13
                  - 2
                name_and_type_index:
                  - start: 13
                    end: 15
                  - 3
      2:
        - start: 15
          end: 18
        - tag:
            - start: 15
              end: 16
            - Class
          constant:
            - start: 16
              end: 18
            - Class:
                name_index:
                  - start: 16
                    end: 18
                  - 4
      3:
        - start: 18
          end: 23
        - tag:
            - start: 18
              end: 19
            - NameAndType
          constant:
            - start: 19
              end: 23
            - NameAndType:
                name_index:
                  - start: 19
                    end: 21
                  - 5
                type_index:
                  - start: 21
                    end: 23
                  - 6
      4:
        - start: 23
          end: 42
        - tag:
            - start: 23
              end: 24
            - Utf8
          constant:
            - start: 24
              end: 42
            - Utf8:
                length:
                  - start: 24
                    end: 26
                  - 16
                bytes:
                  - start: 26
                    end: 42
                  - - 106
                    - 97
                    - 118
                    - 97
                    - 47
                    - 108
                    - 97
                    - 110
                    - 103
                    - 47
                    - 79
                    - 98
                    - 106
                    - 101
                    - 99
                    - 116
      5:
        - start: 42
          end: 51
        - tag:
            - start: 42
              end: 43
            - Utf8
          constant:
            - start: 43
              end: 51
            - Utf8:
                length:
                  - start: 43
                    end: 45
                  - 6
                bytes:
                  - start: 45
                    end: 51
                  - - 60
                    - 105
                    - 110
                    - 105
                    - 116
                    - 62
      6:
        - start: 51
          end: 57
        - tag:
            - start: 51
              end: 52
            - Utf8
          constant:
            - start: 52
              end: 57
            - Utf8:
                length:
                  - start: 52
                    end: 54
                  - 3
                bytes:
                  - start: 54
                    end: 57
                  - - 40
                    - 41
                    - 86
      7:
        - start: 57
          end: 60
        - tag:
            - start: 57
              end: 58
            - Class
          constant:
            - start: 58
              end: 60
            - Class:
                name_index:
                  - start: 58
                    end: 60
                  - 8
      8:
        - start: 60
          end: 79
        - tag:
            - start: 60
              end: 61
            - Utf8
          constant:
            - start: 61
              end: 79
            - Utf8:
                length:
                  - start: 61
                    end: 63
                  - 16
                bytes:
                  - start: 63
                    end: 79
                  - - 65
                    - 110
                    - 110
                    - 111
                    - 116
                    - 97
                    - 116
                    - 105
                    - 111
                    - 110
                    - 84
                    - 97
                    - 114
                    - 103
                    - 101
                    - 116
      9:
        - start: 79
          end: 86
        - tag:
            - start: 79
              end: 80
            - Utf8
          constant:
            - start: 80
              end: 86
            - Utf8:
                length:
                  - start: 80
                    end: 82
                  - 4
                bytes:
                  - start: 82
                    end: 86
                  - - 67
                    - 111
                    - 100
                    - 101
      10:
        - start: 86
          end: 104
        - tag:
            - start: 86
              end: 87
            - Utf8
          constant:
            - start: 87
              end: 104
            - Utf8:
                length:
                  - start: 87
                    end: 89
                  - 15
                bytes:
                  - start: 89
                    end: 104
                  - - 76
                    - 105
                    - 110
                    - 101
                    - 78
                    - 117
                    - 109
                    - 98
                    - 101
                    - 114
                    - 84
                    - 97
                    - 98
                    - 108
                    - 101
      11:
        - start: 104
          end: 125
        - tag:
            - start: 104
              end: 105
            - Utf8
          constant:
            - start: 105
              end: 125
            - Utf8:
                length:
                  - start: 105
                    end: 107
                  - 18
                bytes:
                  - start: 107
                    end: 125
                  - - 76
                    - 111
                    - 99
                    - 97
                    - 108
                    - 86
                    - 97
                    - 114
                    - 105
                    - 97
                    - 98
                    - 108
                    - 101
                    - 84
                    - 97
                    - 98
                    - 108
                    - 101
      12:
        - start: 125
          end: 132
        - tag:
            - start: 125
              end: 126
            - Utf8
          constant:
            - start: 126
              end: 132
            - Utf8:
                length:
                  - start: 126
                    end: 128
                  - 4
                bytes:
                  - start: 128
                    end: 132
                  - - 116
                    - 104
                    - 105
                    - 115
      13:
        - start: 132
          end: 153
        - tag:
            - start: 132
              end: 133
            - Utf8
          constant:
            - start: 133
              end: 153
            - Utf8:
                length:
                  - start: 133
                    end: 135
                  - 18
                bytes:
                  - start: 135
                    end: 153
                  - - 76
                    - 65
                    - 110
                    - 110
                    - 111
                    - 116
                    - 97
                    - 116
                    - 105
                    - 111
                    - 110
                    - 84
                    - 97
                    - 114
                    - 103
                    - 101
                    - 116
                    - 59
      14:
        - start: 153
          end: 166
        - tag:
            - start: 153
              end: 154
            - Utf8
          constant:
            - start: 154
              end: 166
            - Utf8:
                length:
                  - start: 154
                    end: 156
                  - 10
                bytes:
                  - start: 156
                    end: 166
                  - - 83
                    - 111
                    - 117
                    - 114
                    - 99
                    - 101
                    - 70
                    - 105
                    - 108
                    - 101
      15:
        - start: 166
          end: 190
        - tag:
            - start: 166
              end: 167
            - Utf8
          constant:
            - start: 167
              end: 190
            - Utf8:
                length:
                  - start: 167
                    end: 169
                  - 21
                bytes:
                  - start: 169
                    end: 190
                  - - 65
                    - 110
                    - 110
                    - 111
                    - 116
                    - 97
                    - 116
                    - 105
                    - 111
                    - 110
                    - 84
                    - 97
                    - 114
                    - 103
                    - 101
                    - 116
                    - 46
                    - 106
                    - 97
                    - 118
                    - 97
      16:
        - start: 190
          end: 220
        - tag:
            - start: 190
              end: 191
            - Utf8
          constant:
            - start: 191
              end: 220
            - Utf8:
                length:
                  - start: 191
                    end: 193
                  - 27
                bytes:
                  - start: 193
                    end: 220
                  - - 82
                    - 117
                    - 110
                    - 116
                    - 105
                    - 109
                    - 101
                    - 73
                    - 110
                    - 118
                    - 105
                    - 115
                    - 105
                    - 98
                    - 108
                    - 101
                    - 65
                    - 110
                    - 110
                    - 111
                    - 116
                    - 97
                    - 116
                    - 105
                    - 111
                    - 110
                    - 115
      17:
        - start: 220
          end: 242
        - tag:
            - start: 220
              end: 221
            - Utf8
          constant:
            - start: 221
              end: 242
            - Utf8:
                length:
                  - start: 221
                    end: 223
                  - 19
                bytes:
                  - start: 223
                    end: 242
                  - - 76
                    - 86
                    - 105
                    - 115
                    - 105
                    - 98
                    - 108
                    - 101
                    - 65
                    - 110
                    - 110
                    - 111
                    - 116
                    - 97
                    - 116
                    - 105
                    - 111
                    - 110
                    - 59
      18:
        - start: 242
          end: 266
        - tag:
            - start: 242
              end: 243
            - Utf8
          constant:
            - start: 243
              end: 266
            - Utf8:
                length:
                  - start: 243
                    end: 245
                  - 21
                bytes:
                  - start: 245
                    end: 266
                  - - 76
                    - 73
                    - 110
                    - 118
                    - 105
                    - 115
                    - 105
                    - 98
                    - 108
                    - 101
                    - 65
                    - 110
                    - 110
                    - 111
                    - 116
                    - 97
                    - 116
                    - 105
                    - 111
                    - 110
                    - 59
access_flags:
  - start: 266
    end: 268
  - - Public
    - Super
this_class:
  - start: 268
    end: 270
  - 7
super_class:
  - start: 270
    end: 272
  - 2
interfaces_count:
  - start: 272
    end: 274
  - 0
interfaces:
  - start: 274
    end: 274
  - []
fields_count:
  - start: 274
    end: 276
  - 0
fields:
  - start: 276
    end: 276
  - []
methods_count:
  - start: 276
    end: 278
  - 1
methods:
  - start: 278
    end: 339
  - - - start: 278
        end: 339
      - access_flags:
          - start: 278
            end: 280
          - - Public
        name_index:
          - start: 280
            end: 282
          - 5
        descriptor_index:
          - start: 282
            end: 284
          - 6
        attribute_infos_len:
          - start: 284
            end: 286
          - 1
        attribute_infos:
          - start: 286
            end: 339
          - - - start: 286
                end: 339
              - attribute_name_index:
                  - start: 286
                    end: 288
                  - 9
                attribute_len:
                  - start: 288
                    end: 292
                  - 47
                info:
                  - start: 292
                    end: 339
                  - - 0
                    - 1
                    - 0
                    - 1
                    - 0
                    - 0
                    - 0
                    - 5
                    - 42
                    - 183
                    - 0
                    - 1
                    - 177
                    - 0
                    - 0
                    - 0
                    - 2
                    - 0
                    - 10
                    - 0
                    - 0
                    - 0
                    - 6
                    - 0
                    - 1
                    - 0
                    - 0
                    - 0
                    - 3
                    - 0
                    - 11
                    - 0
                    - 0
                    - 0
                    - 12
                    - 0
                    - 1
                    - 0
                    - 0
                    - 0
                    - 5
                    - 0
                    - 12
                    - 0
                    - 13
                    - 0
                    - 0
                attribute:
                  - start: 292
                    end: 339
                  - Code:
                      max_stack:
                        - start: 292
                          end: 294
                        - 1
                      max_locals:
                        - start: 294
                          end: 296
                        - 1
                      code_length:
                        - start: 296
                          end: 300
                        - 5
                      code:
                        - start: 300
                          end: 305
                        - - 42
                          - 183
                          - 0
                          - 1
                          - 177
                      instructions:
                        - start: 300
                          end: 305
                        - - - start: 300
                              end: 301
                            - ALOAD_0
                          - - start: 301
                              end: 304
                            - INVOKESPECIAL:
                                index:
                                  - start: 302
                                    end: 304
                                  - 1
                          - - start: 304
                              end: 305
                            - RETURN
                      exception_table_length:
                        - start: 305
                          end: 307
                        - 0
                      exception_table:
                        - start: 307
                          end: 307
                        - []
                      attributes_length:
                        - start: 307
                          end: 309
                        - 2
                      attributes:
                        - start: 309
                          end: 339
                        - - - start: 309
                              end: 321
                            - attribute_name_index:
                                - start: 309
                                  end: 311
                                - 10
                              attribute_len:
                                - start: 311
                                  end: 315
                                - 6
                              info:
                                - start: 315
                                  end: 321
                                - - 0
                                  - 1
                                  - 0
                                  - 0
                                  - 0
                                  - 3
                              attribute:
                                - start: 315
                                  end: 321
                                - LineNumberTable:
                                    line_number_table_length:
                                      - start: 315
                                        end: 317
                                      - 1
                                    line_number_table:
                                      - start: 317
                                        end: 321
                                      - - - start: 317
                                            end: 321
                                          - start_pc:
                                              - start: 317
                                                end: 319
                                              - 0
                                            line_number:
                                              - start: 319
                                                end: 321
                                              - 3
                          - - start: 321
                              end: 339
                            - attribute_name_index:
                                - start: 321
                                  end: 323
                                - 11
                              attribute_len:
                                - start: 323
                                  end: 327
                                - 12
                              info:
                                - start: 327
                                  end: 339
                                - - 0
                                  - 1
                                  - 0
                                  - 0
                                  - 0
                                  - 5
                                  - 0
                                  - 12
                                  - 0
                                  - 13
                                  - 0
                                  - 0
                              attribute:
                                - start: 327
                                  end: 339
                                - LocalVariableTable:
                                    local_variable_table_length:
                                      - start: 327
                                        end: 329
                                      - 1
                                    local_variable_table:
                                      - start: 329
                                        end: 339
                                      - - - start: 329
                                            end: 339
                                          - start_pc:
                                              - start: 329
                                                end: 331
                                              - 0
                                            length:
                                              - start: 331
                                                end: 333
                                              - 5
                                            name_index:
                                              - start: 333
                                                end: 335
                                              - 12
                                            descriptor_index:
                                              - start: 335
                                                end: 337
                                              - 13
                                            index:
                                              - start: 337
                                                end: 339
                                              - 0
attributes_count:
  - start: 339
    end: 341
  - 2
attributes:
  - start: 341
    end: 365
  - - - start: 341
        end: 349
      - attribute_name_index:
          - start: 341
            end: 343
          - 14
        attribute_len:
          - start: 343
            end: 347
          - 2
        info:
          - start: 347
            end: 349
          - - 0
            - 15
        attribute:
          - start: 347
            end: 349
          - SourceFile:
              source_file_index:
                - start: 347
                  end: 349
                - 15
    - - start: 349
        end: 365
      - attribute_name_index:
          - start: 349
            end: 351
          - 16
        attribute_len:
          - start: 351
            end: 355
          - 10
        info:
          - start: 355
            end: 365
          - - 0
            - 2
            - 0
            - 17
            - 0
            - 0
            - 0
            - 18
            - 0
            - 0
        attribute:
          - start: 355
            end: 365
          - RuntimeInvisibleAnnotations:
              num_annotations:
                - start: 355
                  end: 357
                - 2
              annotations:
                - start: 357
                  end: 365
                - - - start: 357
                      end: 361
                    - type_index:
                        - start: 357
                          end: 359
                        - 17
                      num_element_value_pairs:
                        - start: 359
                          end: 361
                        - 0
                      element_value_pairs:
                        - start: 361
                          end: 361
                        - []
                  - - start: 361
                      end: 365
                    - type_index:
                        - start: 361
                          end: 363
                        - 18
                      num_element_value_pairs:
                        - start: 363
                          end: 365
                        - 0
                      element_value_pairs:
                        - start: 365
                          end: 365
                        - []

