---
source: tests/class_parse.rs
expression: "to_class(include_bytes!(\"../compiled_source/out/production/compiled_source/VisibleAnnotation.class\"))?"
---
magic_number:
  - start: 0
    end: 4
  - - 202
    - 254
    - 186
    - 190
java_version:
  - start: 4
    end: 8
  - V17
constant_pool_count:
  - start: 8
    end: 10
  - 43
constant_pool:
  - start: 10
    end: 503
  - len: 43
    entries:
      1:
        - start: 10
          end: 13
        - tag:
            - start: 10
              end: 11
            - Class
          constant:
            - start: 11
              end: 13
            - Class:
                name_index:
                  - start: 11
                    end: 13
                  - 2
      2:
        - start: 13
          end: 33
        - tag:
            - start: 13
              end: 14
            - Utf8
          constant:
            - start: 14
              end: 33
            - Utf8:
                length:
                  - start: 14
                    end: 16
                  - 17
                bytes:
                  - start: 16
                    end: 33
                  - - 86
                    - 105
                    - 115
                    - 105
                    - 98
                    - 108
                    - 101
                    - 65
                    - 110
                    - 110
                    - 111
                    - 116
                    - 97
                    - 116
                    - 105
                    - 111
                    - 110
      3:
        - start: 33
          end: 36
        - tag:
            - start: 33
              end: 34
            - Class
          constant:
            - start: 34
              end: 36
            - Class:
                name_index:
                  - start: 34
                    end: 36
                  - 4
      4:
        - start: 36
          end: 55
        - tag:
            - start: 36
              end: 37
            - Utf8
          constant:
            - start: 37
              end: 55
            - Utf8:
                length:
                  - start: 37
                    end: 39
                  - 16
                bytes:
                  - start: 39
                    end: 55
                  - - 106
                    - 97
                    - 118
                    - 97
                    - 47
                    - 108
                    - 97
                    - 110
                    - 103
                    - 47
                    - 79
                    - 98
                    - 106
                    - 101
                    - 99
                    - 116
      5:
        - start: 55
          end: 58
        - tag:
            - start: 55
              end: 56
            - Class
          constant:
            - start: 56
              end: 58
            - Class:
                name_index:
                  - start: 56
                    end: 58
                  - 6
      6:
        - start: 58
          end: 92
        - tag:
            - start: 58
              end: 59
            - Utf8
          constant:
            - start: 59
              end: 92
            - Utf8:
                length:
                  - start: 59
                    end: 61
                  - 31
                bytes:
                  - start: 61
                    end: 92
                  - - 106
                    - 97
                    - 118
                    - 97
                    - 47
                    - 108
                    - 97
                    - 110
                    - 103
                    - 47
                    - 97
                    - 110
                    - 110
                    - 111
                    - 116
                    - 97
                    - 116
                    - 105
                    - 111
                    - 110
                    - 47
                    - 65
                    - 110
                    - 110
                    - 111
                    - 116
                    - 97
                    - 116
                    - 105
                    - 111
                    - 110
      7:
        - start: 92
          end: 96
        - tag:
            - start: 92
              end: 93
            - Utf8
          constant:
            - start: 93
              end: 96
            - Utf8:
                length:
                  - start: 93
                    end: 95
                  - 1
                bytes:
                  - start: 95
                    end: 96
                  - - 98
      8:
        - start: 96
          end: 102
        - tag:
            - start: 96
              end: 97
            - Utf8
          constant:
            - start: 97
              end: 102
            - Utf8:
                length:
                  - start: 97
                    end: 99
                  - 3
                bytes:
                  - start: 99
                    end: 102
                  - - 40
                    - 41
                    - 66
      9:
        - start: 102
          end: 122
        - tag:
            - start: 102
              end: 103
            - Utf8
          constant:
            - start: 103
              end: 122
            - Utf8:
                length:
                  - start: 103
                    end: 105
                  - 17
                bytes:
                  - start: 105
                    end: 122
                  - - 65
                    - 110
                    - 110
                    - 111
                    - 116
                    - 97
                    - 116
                    - 105
                    - 111
                    - 110
                    - 68
                    - 101
                    - 102
                    - 97
                    - 117
                    - 108
                    - 116
      10:
        - start: 122
          end: 127
        - tag:
            - start: 122
              end: 123
            - Integer
          constant:
            - start: 123
              end: 127
            - Integer:
                bytes:
                  - start: 123
                    end: 127
                  - - 0
                    - 0
                    - 0
                    - 1
      11:
        - start: 127
          end: 131
        - tag:
            - start: 127
              end: 128
            - Utf8
          constant:
            - start: 128
              end: 131
            - Utf8:
                length:
                  - start: 128
                    end: 130
                  - 1
                bytes:
                  - start: 130
                    end: 131
                  - - 115
      12:
        - start: 131
          end: 137
        - tag:
            - start: 131
              end: 132
            - Utf8
          constant:
            - start: 132
              end: 137
            - Utf8:
                length:
                  - start: 132
                    end: 134
                  - 3
                bytes:
                  - start: 134
                    end: 137
                  - - 40
                    - 41
                    - 83
      13:
        - start: 137
          end: 141
        - tag:
            - start: 137
              end: 138
            - Utf8
          constant:
            - start: 138
              end: 141
            - Utf8:
                length:
                  - start: 138
                    end: 140
                  - 1
                bytes:
                  - start: 140
                    end: 141
                  - - 105
      14:
        - start: 141
          end: 147
        - tag:
            - start: 141
              end: 142
            - Utf8
          constant:
            - start: 142
              end: 147
            - Utf8:
                length:
                  - start: 142
                    end: 144
                  - 3
                bytes:
                  - start: 144
                    end: 147
                  - - 40
                    - 41
                    - 73
      15:
        - start: 147
          end: 151
        - tag:
            - start: 147
              end: 148
            - Utf8
          constant:
            - start: 148
              end: 151
            - Utf8:
                length:
                  - start: 148
                    end: 150
                  - 1
                bytes:
                  - start: 150
                    end: 151
                  - - 102
      16:
        - start: 151
          end: 157
        - tag:
            - start: 151
              end: 152
            - Utf8
          constant:
            - start: 152
              end: 157
            - Utf8:
                length:
                  - start: 152
                    end: 154
                  - 3
                bytes:
                  - start: 154
                    end: 157
                  - - 40
                    - 41
                    - 70
      17:
        - start: 157
          end: 162
        - tag:
            - start: 157
              end: 158
            - Float
          constant:
            - start: 158
              end: 162
            - Float:
                bytes:
                  - start: 158
                    end: 162
                  - - 63
                    - 128
                    - 0
                    - 0
      18:
        - start: 162
          end: 166
        - tag:
            - start: 162
              end: 163
            - Utf8
          constant:
            - start: 163
              end: 166
            - Utf8:
                length:
                  - start: 163
                    end: 165
                  - 1
                bytes:
                  - start: 165
                    end: 166
                  - - 106
      19:
        - start: 166
          end: 172
        - tag:
            - start: 166
              end: 167
            - Utf8
          constant:
            - start: 167
              end: 172
            - Utf8:
                length:
                  - start: 167
                    end: 169
                  - 3
                bytes:
                  - start: 169
                    end: 172
                  - - 40
                    - 41
                    - 74
      20:
        - start: 172
          end: 181
        - tag:
            - start: 172
              end: 173
            - Long
          constant:
            - start: 173
              end: 181
            - Long:
                high_bytes:
                  - start: 173
                    end: 177
                  - - 0
                    - 0
                    - 0
                    - 0
                low_bytes:
                  - start: 177
                    end: 181
                  - - 0
                    - 0
                    - 0
                    - 1
      22:
        - start: 181
          end: 185
        - tag:
            - start: 181
              end: 182
            - Utf8
          constant:
            - start: 182
              end: 185
            - Utf8:
                length:
                  - start: 182
                    end: 184
                  - 1
                bytes:
                  - start: 184
                    end: 185
                  - - 100
      23:
        - start: 185
          end: 191
        - tag:
            - start: 185
              end: 186
            - Utf8
          constant:
            - start: 186
              end: 191
            - Utf8:
                length:
                  - start: 186
                    end: 188
                  - 3
                bytes:
                  - start: 188
                    end: 191
                  - - 40
                    - 41
                    - 68
      24:
        - start: 191
          end: 200
        - tag:
            - start: 191
              end: 192
            - Double
          constant:
            - start: 192
              end: 200
            - Double:
                high_bytes:
                  - start: 192
                    end: 196
                  - - 63
                    - 240
                    - 0
                    - 0
                low_bytes:
                  - start: 196
                    end: 200
                  - - 0
                    - 0
                    - 0
                    - 0
      26:
        - start: 200
          end: 209
        - tag:
            - start: 200
              end: 201
            - Utf8
          constant:
            - start: 201
              end: 209
            - Utf8:
                length:
                  - start: 201
                    end: 203
                  - 6
                bytes:
                  - start: 203
                    end: 209
                  - - 115
                    - 116
                    - 114
                    - 105
                    - 110
                    - 103
      27:
        - start: 209
          end: 232
        - tag:
            - start: 209
              end: 210
            - Utf8
          constant:
            - start: 210
              end: 232
            - Utf8:
                length:
                  - start: 210
                    end: 212
                  - 20
                bytes:
                  - start: 212
                    end: 232
                  - - 40
                    - 41
                    - 76
                    - 106
                    - 97
                    - 118
                    - 97
                    - 47
                    - 108
                    - 97
                    - 110
                    - 103
                    - 47
                    - 83
                    - 116
                    - 114
                    - 105
                    - 110
                    - 103
                    - 59
      28:
        - start: 232
          end: 238
        - tag:
            - start: 232
              end: 233
            - Utf8
          constant:
            - start: 233
              end: 238
            - Utf8:
                length:
                  - start: 233
                    end: 235
                  - 3
                bytes:
                  - start: 235
                    end: 238
                  - - 75
                    - 69
                    - 75
      29:
        - start: 238
          end: 242
        - tag:
            - start: 238
              end: 239
            - Utf8
          constant:
            - start: 239
              end: 242
            - Utf8:
                length:
                  - start: 239
                    end: 241
                  - 1
                bytes:
                  - start: 241
                    end: 242
                  - - 101
      30:
        - start: 242
          end: 253
        - tag:
            - start: 242
              end: 243
            - Utf8
          constant:
            - start: 243
              end: 253
            - Utf8:
                length:
                  - start: 243
                    end: 245
                  - 8
                bytes:
                  - start: 245
                    end: 253
                  - - 40
                    - 41
                    - 76
                    - 69
                    - 110
                    - 117
                    - 109
                    - 59
      31:
        - start: 253
          end: 262
        - tag:
            - start: 253
              end: 254
            - Utf8
          constant:
            - start: 254
              end: 262
            - Utf8:
                length:
                  - start: 254
                    end: 256
                  - 6
                bytes:
                  - start: 256
                    end: 262
                  - - 76
                    - 69
                    - 110
                    - 117
                    - 109
                    - 59
      32:
        - start: 262
          end: 269
        - tag:
            - start: 262
              end: 263
            - Utf8
          constant:
            - start: 263
              end: 269
            - Utf8:
                length:
                  - start: 263
                    end: 265
                  - 4
                bytes:
                  - start: 265
                    end: 269
                  - - 75
                    - 65
                    - 80
                    - 73
      33:
        - start: 269
          end: 282
        - tag:
            - start: 269
              end: 270
            - Utf8
          constant:
            - start: 270
              end: 282
            - Utf8:
                length:
                  - start: 270
                    end: 272
                  - 10
                bytes:
                  - start: 272
                    end: 282
                  - - 83
                    - 111
                    - 117
                    - 114
                    - 99
                    - 101
                    - 70
                    - 105
                    - 108
                    - 101
      34:
        - start: 282
          end: 307
        - tag:
            - start: 282
              end: 283
            - Utf8
          constant:
            - start: 283
              end: 307
            - Utf8:
                length:
                  - start: 283
                    end: 285
                  - 22
                bytes:
                  - start: 285
                    end: 307
                  - - 86
                    - 105
                    - 115
                    - 105
                    - 98
                    - 108
                    - 101
                    - 65
                    - 110
                    - 110
                    - 111
                    - 116
                    - 97
                    - 116
                    - 105
                    - 111
                    - 110
                    - 46
                    - 106
                    - 97
                    - 118
                    - 97
      35:
        - start: 307
          end: 335
        - tag:
            - start: 307
              end: 308
            - Utf8
          constant:
            - start: 308
              end: 335
            - Utf8:
                length:
                  - start: 308
                    end: 310
                  - 25
                bytes:
                  - start: 310
                    end: 335
                  - - 82
                    - 117
                    - 110
                    - 116
                    - 105
                    - 109
                    - 101
                    - 86
                    - 105
                    - 115
                    - 105
                    - 98
                    - 108
                    - 101
                    - 65
                    - 110
                    - 110
                    - 111
                    - 116
                    - 97
                    - 116
                    - 105
                    - 111
                    - 110
                    - 115
      36:
        - start: 335
          end: 367
        - tag:
            - start: 335
              end: 336
            - Utf8
          constant:
            - start: 336
              end: 367
            - Utf8:
                length:
                  - start: 336
                    end: 338
                  - 29
                bytes:
                  - start: 338
                    end: 367
                  - - 76
                    - 106
                    - 97
                    - 118
                    - 97
                    - 47
                    - 108
                    - 97
                    - 110
                    - 103
                    - 47
                    - 97
                    - 110
                    - 110
                    - 111
                    - 116
                    - 97
                    - 116
                    - 105
                    - 111
                    - 110
                    - 47
                    - 84
                    - 97
                    - 114
                    - 103
                    - 101
                    - 116
                    - 59
      37:
        - start: 367
          end: 375
        - tag:
            - start: 367
              end: 368
            - Utf8
          constant:
            - start: 368
              end: 375
            - Utf8:
                length:
                  - start: 368
                    end: 370
                  - 5
                bytes:
                  - start: 370
                    end: 375
                  - - 118
                    - 97
                    - 108
                    - 117
                    - 101
      38:
        - start: 375
          end: 412
        - tag:
            - start: 375
              end: 376
            - Utf8
          constant:
            - start: 376
              end: 412
            - Utf8:
                length:
                  - start: 376
                    end: 378
                  - 34
                bytes:
                  - start: 378
                    end: 412
                  - - 76
                    - 106
                    - 97
                    - 118
                    - 97
                    - 47
                    - 108
                    - 97
                    - 110
                    - 103
                    - 47
                    - 97
                    - 110
                    - 110
                    - 111
                    - 116
                    - 97
                    - 116
                    - 105
                    - 111
                    - 110
                    - 47
                    - 69
                    - 108
                    - 101
                    - 109
                    - 101
                    - 110
                    - 116
                    - 84
                    - 121
                    - 112
                    - 101
                    - 59
      39:
        - start: 412
          end: 419
        - tag:
            - start: 412
              end: 413
            - Utf8
          constant:
            - start: 413
              end: 419
            - Utf8:
                length:
                  - start: 413
                    end: 415
                  - 4
                bytes:
                  - start: 415
                    end: 419
                  - - 84
                    - 89
                    - 80
                    - 69
      40:
        - start: 419
          end: 454
        - tag:
            - start: 419
              end: 420
            - Utf8
          constant:
            - start: 420
              end: 454
            - Utf8:
                length:
                  - start: 420
                    end: 422
                  - 32
                bytes:
                  - start: 422
                    end: 454
                  - - 76
                    - 106
                    - 97
                    - 118
                    - 97
                    - 47
                    - 108
                    - 97
                    - 110
                    - 103
                    - 47
                    - 97
                    - 110
                    - 110
                    - 111
                    - 116
                    - 97
                    - 116
                    - 105
                    - 111
                    - 110
                    - 47
                    - 82
                    - 101
                    - 116
                    - 101
                    - 110
                    - 116
                    - 105
                    - 111
                    - 110
                    - 59
      41:
        - start: 454
          end: 495
        - tag:
            - start: 454
              end: 455
            - Utf8
          constant:
            - start: 455
              end: 495
            - Utf8:
                length:
                  - start: 455
                    end: 457
                  - 38
                bytes:
                  - start: 457
                    end: 495
                  - - 76
                    - 106
                    - 97
                    - 118
                    - 97
                    - 47
                    - 108
                    - 97
                    - 110
                    - 103
                    - 47
                    - 97
                    - 110
                    - 110
                    - 111
                    - 116
                    - 97
                    - 116
                    - 105
                    - 111
                    - 110
                    - 47
                    - 82
                    - 101
                    - 116
                    - 101
                    - 110
                    - 116
                    - 105
                    - 111
                    - 110
                    - 80
                    - 111
                    - 108
                    - 105
                    - 99
                    - 121
                    - 59
      42:
        - start: 495
          end: 503
        - tag:
            - start: 495
              end: 496
            - Utf8
          constant:
            - start: 496
              end: 503
            - Utf8:
                length:
                  - start: 496
                    end: 498
                  - 5
                bytes:
                  - start: 498
                    end: 503
                  - - 67
                    - 76
                    - 65
                    - 83
                    - 83
access_flags:
  - start: 503
    end: 505
  - - Public
    - Interface
    - Abstract
    - Annotation
this_class:
  - start: 505
    end: 507
  - 1
super_class:
  - start: 507
    end: 509
  - 3
interfaces_count:
  - start: 509
    end: 511
  - 1
interfaces:
  - start: 511
    end: 513
  - - - start: 511
        end: 513
      - 5
fields_count:
  - start: 513
    end: 515
  - 0
fields:
  - start: 515
    end: 515
  - []
methods_count:
  - start: 515
    end: 517
  - 8
methods:
  - start: 517
    end: 655
  - - - start: 517
        end: 534
      - access_flags:
          - start: 517
            end: 519
          - - Public
            - Abstract
        name_index:
          - start: 519
            end: 521
          - 7
        descriptor_index:
          - start: 521
            end: 523
          - 8
        attribute_infos_len:
          - start: 523
            end: 525
          - 1
        attribute_infos:
          - start: 525
            end: 534
          - - - start: 525
                end: 534
              - attribute_name_index:
                  - start: 525
                    end: 527
                  - 9
                attribute_len:
                  - start: 527
                    end: 531
                  - 3
                info:
                  - start: 531
                    end: 534
                  - - 66
                    - 0
                    - 10
                attribute:
                  - start: 531
                    end: 534
                  - AnnotationDefault:
                      default_value:
                        - start: 531
                          end: 534
                        - tag:
                            - start: 531
                              end: 532
                            - 66
                          value:
                            - start: 532
                              end: 534
                            - ConstValue:
                                const_value_index:
                                  - start: 532
                                    end: 534
                                  - 10
    - - start: 534
        end: 551
      - access_flags:
          - start: 534
            end: 536
          - - Public
            - Abstract
        name_index:
          - start: 536
            end: 538
          - 11
        descriptor_index:
          - start: 538
            end: 540
          - 12
        attribute_infos_len:
          - start: 540
            end: 542
          - 1
        attribute_infos:
          - start: 542
            end: 551
          - - - start: 542
                end: 551
              - attribute_name_index:
                  - start: 542
                    end: 544
                  - 9
                attribute_len:
                  - start: 544
                    end: 548
                  - 3
                info:
                  - start: 548
                    end: 551
                  - - 83
                    - 0
                    - 10
                attribute:
                  - start: 548
                    end: 551
                  - AnnotationDefault:
                      default_value:
                        - start: 548
                          end: 551
                        - tag:
                            - start: 548
                              end: 549
                            - 83
                          value:
                            - start: 549
                              end: 551
                            - ConstValue:
                                const_value_index:
                                  - start: 549
                                    end: 551
                                  - 10
    - - start: 551
        end: 568
      - access_flags:
          - start: 551
            end: 553
          - - Public
            - Abstract
        name_index:
          - start: 553
            end: 555
          - 13
        descriptor_index:
          - start: 555
            end: 557
          - 14
        attribute_infos_len:
          - start: 557
            end: 559
          - 1
        attribute_infos:
          - start: 559
            end: 568
          - - - start: 559
                end: 568
              - attribute_name_index:
                  - start: 559
                    end: 561
                  - 9
                attribute_len:
                  - start: 561
                    end: 565
                  - 3
                info:
                  - start: 565
                    end: 568
                  - - 73
                    - 0
                    - 10
                attribute:
                  - start: 565
                    end: 568
                  - AnnotationDefault:
                      default_value:
                        - start: 565
                          end: 568
                        - tag:
                            - start: 565
                              end: 566
                            - 73
                          value:
                            - start: 566
                              end: 568
                            - ConstValue:
                                const_value_index:
                                  - start: 566
                                    end: 568
                                  - 10
    - - start: 568
        end: 585
      - access_flags:
          - start: 568
            end: 570
          - - Public
            - Abstract
        name_index:
          - start: 570
            end: 572
          - 15
        descriptor_index:
          - start: 572
            end: 574
          - 16
        attribute_infos_len:
          - start: 574
            end: 576
          - 1
        attribute_infos:
          - start: 576
            end: 585
          - - - start: 576
                end: 585
              - attribute_name_index:
                  - start: 576
                    end: 578
                  - 9
                attribute_len:
                  - start: 578
                    end: 582
                  - 3
                info:
                  - start: 582
                    end: 585
                  - - 70
                    - 0
                    - 17
                attribute:
                  - start: 582
                    end: 585
                  - AnnotationDefault:
                      default_value:
                        - start: 582
                          end: 585
                        - tag:
                            - start: 582
                              end: 583
                            - 70
                          value:
                            - start: 583
                              end: 585
                            - ConstValue:
                                const_value_index:
                                  - start: 583
                                    end: 585
                                  - 17
    - - start: 585
        end: 602
      - access_flags:
          - start: 585
            end: 587
          - - Public
            - Abstract
        name_index:
          - start: 587
            end: 589
          - 18
        descriptor_index:
          - start: 589
            end: 591
          - 19
        attribute_infos_len:
          - start: 591
            end: 593
          - 1
        attribute_infos:
          - start: 593
            end: 602
          - - - start: 593
                end: 602
              - attribute_name_index:
                  - start: 593
                    end: 595
                  - 9
                attribute_len:
                  - start: 595
                    end: 599
                  - 3
                info:
                  - start: 599
                    end: 602
                  - - 74
                    - 0
                    - 20
                attribute:
                  - start: 599
                    end: 602
                  - AnnotationDefault:
                      default_value:
                        - start: 599
                          end: 602
                        - tag:
                            - start: 599
                              end: 600
                            - 74
                          value:
                            - start: 600
                              end: 602
                            - ConstValue:
                                const_value_index:
                                  - start: 600
                                    end: 602
                                  - 20
    - - start: 602
        end: 619
      - access_flags:
          - start: 602
            end: 604
          - - Public
            - Abstract
        name_index:
          - start: 604
            end: 606
          - 22
        descriptor_index:
          - start: 606
            end: 608
          - 23
        attribute_infos_len:
          - start: 608
            end: 610
          - 1
        attribute_infos:
          - start: 610
            end: 619
          - - - start: 610
                end: 619
              - attribute_name_index:
                  - start: 610
                    end: 612
                  - 9
                attribute_len:
                  - start: 612
                    end: 616
                  - 3
                info:
                  - start: 616
                    end: 619
                  - - 68
                    - 0
                    - 24
                attribute:
                  - start: 616
                    end: 619
                  - AnnotationDefault:
                      default_value:
                        - start: 616
                          end: 619
                        - tag:
                            - start: 616
                              end: 617
                            - 68
                          value:
                            - start: 617
                              end: 619
                            - ConstValue:
                                const_value_index:
                                  - start: 617
                                    end: 619
                                  - 24
    - - start: 619
        end: 636
      - access_flags:
          - start: 619
            end: 621
          - - Public
            - Abstract
        name_index:
          - start: 621
            end: 623
          - 26
        descriptor_index:
          - start: 623
            end: 625
          - 27
        attribute_infos_len:
          - start: 625
            end: 627
          - 1
        attribute_infos:
          - start: 627
            end: 636
          - - - start: 627
                end: 636
              - attribute_name_index:
                  - start: 627
                    end: 629
                  - 9
                attribute_len:
                  - start: 629
                    end: 633
                  - 3
                info:
                  - start: 633
                    end: 636
                  - - 115
                    - 0
                    - 28
                attribute:
                  - start: 633
                    end: 636
                  - AnnotationDefault:
                      default_value:
                        - start: 633
                          end: 636
                        - tag:
                            - start: 633
                              end: 634
                            - 115
                          value:
                            - start: 634
                              end: 636
                            - ConstValue:
                                const_value_index:
                                  - start: 634
                                    end: 636
                                  - 28
    - - start: 636
        end: 655
      - access_flags:
          - start: 636
            end: 638
          - - Public
            - Abstract
        name_index:
          - start: 638
            end: 640
          - 29
        descriptor_index:
          - start: 640
            end: 642
          - 30
        attribute_infos_len:
          - start: 642
            end: 644
          - 1
        attribute_infos:
          - start: 644
            end: 655
          - - - start: 644
                end: 655
              - attribute_name_index:
                  - start: 644
                    end: 646
                  - 9
                attribute_len:
                  - start: 646
                    end: 650
                  - 5
                info:
                  - start: 650
                    end: 655
                  - - 101
                    - 0
                    - 31
                    - 0
                    - 32
                attribute:
                  - start: 650
                    end: 655
                  - AnnotationDefault:
                      default_value:
                        - start: 650
                          end: 655
                        - tag:
                            - start: 650
                              end: 651
                            - 101
                          value:
                            - start: 651
                              end: 655
                            - EnumConstValue:
                                type_name_index:
                                  - start: 651
                                    end: 653
                                  - 31
                                const_name_index:
                                  - start: 653
                                    end: 655
                                  - 32
attributes_count:
  - start: 655
    end: 657
  - 2
attributes:
  - start: 657
    end: 698
  - - - start: 657
        end: 665
      - attribute_name_index:
          - start: 657
            end: 659
          - 33
        attribute_len:
          - start: 659
            end: 663
          - 2
        info:
          - start: 663
            end: 665
          - - 0
            - 34
        attribute:
          - start: 663
            end: 665
          - SourceFile:
              source_file_index:
                - start: 663
                  end: 665
                - 34
    - - start: 665
        end: 698
      - attribute_name_index:
          - start: 665
            end: 667
          - 35
        attribute_len:
          - start: 667
            end: 671
          - 27
        info:
          - start: 671
            end: 698
          - - 0
            - 2
            - 0
            - 36
            - 0
            - 1
            - 0
            - 37
            - 91
            - 0
            - 1
            - 101
            - 0
            - 38
            - 0
            - 39
            - 0
            - 40
            - 0
            - 1
            - 0
            - 37
            - 101
            - 0
            - 41
            - 0
            - 42
        attribute:
          - start: 671
            end: 698
          - RuntimeVisibleAnnotations:
              num_annotations:
                - start: 671
                  end: 673
                - 2
              annotations:
                - start: 673
                  end: 698
                - - - start: 673
                      end: 687
                    - type_index:
                        - start: 673
                          end: 675
                        - 36
                      num_element_value_pairs:
                        - start: 675
                          end: 677
                        - 1
                      element_value_pairs:
                        - start: 677
                          end: 687
                        - - - start: 677
                              end: 687
                            - element_name_index:
                                - start: 677
                                  end: 679
                                - 37
                              value:
                                - start: 679
                                  end: 687
                                - tag:
                                    - start: 679
                                      end: 680
                                    - 91
                                  value:
                                    - start: 680
                                      end: 687
                                    - ArrayValue:
                                        num_values:
                                          - start: 680
                                            end: 682
                                          - 1
                                        values:
                                          - start: 682
                                            end: 687
                                          - - - start: 682
                                                end: 687
                                              - tag:
                                                  - start: 682
                                                    end: 683
                                                  - 101
                                                value:
                                                  - start: 683
                                                    end: 687
                                                  - EnumConstValue:
                                                      type_name_index:
                                                        - start: 683
                                                          end: 685
                                                        - 38
                                                      const_name_index:
                                                        - start: 685
                                                          end: 687
                                                        - 39
                  - - start: 687
                      end: 698
                    - type_index:
                        - start: 687
                          end: 689
                        - 40
                      num_element_value_pairs:
                        - start: 689
                          end: 691
                        - 1
                      element_value_pairs:
                        - start: 691
                          end: 698
                        - - - start: 691
                              end: 698
                            - element_name_index:
                                - start: 691
                                  end: 693
                                - 37
                              value:
                                - start: 693
                                  end: 698
                                - tag:
                                    - start: 693
                                      end: 694
                                    - 101
                                  value:
                                    - start: 694
                                      end: 698
                                    - EnumConstValue:
                                        type_name_index:
                                          - start: 694
                                            end: 696
                                          - 41
                                        const_name_index:
                                          - start: 696
                                            end: 698
                                          - 42

