---
source: tests/class_parse.rs
expression: "to_class(include_bytes!(\"../compiled_source/out/production/compiled_source/Enum.class\"))?"
---
magic_number:
  - start: 0
    end: 4
  - - 202
    - 254
    - 186
    - 190
java_version:
  - start: 4
    end: 8
  - V17
constant_pool_count:
  - start: 8
    end: 10
  - 54
constant_pool:
  - start: 10
    end: 543
  - len: 54
    entries:
      1:
        - start: 10
          end: 13
        - tag:
            - start: 10
              end: 11
            - Class
          constant:
            - start: 11
              end: 13
            - Class:
                name_index:
                  - start: 11
                    end: 13
                  - 2
      2:
        - start: 13
          end: 20
        - tag:
            - start: 13
              end: 14
            - Utf8
          constant:
            - start: 14
              end: 20
            - Utf8:
                length:
                  - start: 14
                    end: 16
                  - 4
                bytes:
                  - start: 16
                    end: 20
                  - - 69
                    - 110
                    - 117
                    - 109
      3:
        - start: 20
          end: 25
        - tag:
            - start: 20
              end: 21
            - FieldRef
          constant:
            - start: 21
              end: 25
            - FieldRef:
                class_index:
                  - start: 21
                    end: 23
                  - 1
                name_and_type_index:
                  - start: 23
                    end: 25
                  - 4
      4:
        - start: 25
          end: 30
        - tag:
            - start: 25
              end: 26
            - NameAndType
          constant:
            - start: 26
              end: 30
            - NameAndType:
                name_index:
                  - start: 26
                    end: 28
                  - 5
                type_index:
                  - start: 28
                    end: 30
                  - 6
      5:
        - start: 30
          end: 39
        - tag:
            - start: 30
              end: 31
            - Utf8
          constant:
            - start: 31
              end: 39
            - Utf8:
                length:
                  - start: 31
                    end: 33
                  - 6
                bytes:
                  - start: 33
                    end: 39
                  - - 67
                    - 79
                    - 70
                    - 70
                    - 69
                    - 69
      6:
        - start: 39
          end: 48
        - tag:
            - start: 39
              end: 40
            - Utf8
          constant:
            - start: 40
              end: 48
            - Utf8:
                length:
                  - start: 40
                    end: 42
                  - 6
                bytes:
                  - start: 42
                    end: 48
                  - - 76
                    - 69
                    - 110
                    - 117
                    - 109
                    - 59
      7:
        - start: 48
          end: 53
        - tag:
            - start: 48
              end: 49
            - FieldRef
          constant:
            - start: 49
              end: 53
            - FieldRef:
                class_index:
                  - start: 49
                    end: 51
                  - 1
                name_and_type_index:
                  - start: 51
                    end: 53
                  - 8
      8:
        - start: 53
          end: 58
        - tag:
            - start: 53
              end: 54
            - NameAndType
          constant:
            - start: 54
              end: 58
            - NameAndType:
                name_index:
                  - start: 54
                    end: 56
                  - 9
                type_index:
                  - start: 56
                    end: 58
                  - 6
      9:
        - start: 58
          end: 65
        - tag:
            - start: 58
              end: 59
            - Utf8
          constant:
            - start: 59
              end: 65
            - Utf8:
                length:
                  - start: 59
                    end: 61
                  - 4
                bytes:
                  - start: 61
                    end: 65
                  - - 75
                    - 65
                    - 80
                    - 73
      10:
        - start: 65
          end: 70
        - tag:
            - start: 65
              end: 66
            - FieldRef
          constant:
            - start: 66
              end: 70
            - FieldRef:
                class_index:
                  - start: 66
                    end: 68
                  - 1
                name_and_type_index:
                  - start: 68
                    end: 70
                  - 11
      11:
        - start: 70
          end: 75
        - tag:
            - start: 70
              end: 71
            - NameAndType
          constant:
            - start: 71
              end: 75
            - NameAndType:
                name_index:
                  - start: 71
                    end: 73
                  - 12
                type_index:
                  - start: 73
                    end: 75
                  - 6
      12:
        - start: 75
          end: 83
        - tag:
            - start: 75
              end: 76
            - Utf8
          constant:
            - start: 76
              end: 83
            - Utf8:
                length:
                  - start: 76
                    end: 78
                  - 5
                bytes:
                  - start: 78
                    end: 83
                  - - 76
                    - 65
                    - 84
                    - 84
                    - 69
      13:
        - start: 83
          end: 88
        - tag:
            - start: 83
              end: 84
            - FieldRef
          constant:
            - start: 84
              end: 88
            - FieldRef:
                class_index:
                  - start: 84
                    end: 86
                  - 1
                name_and_type_index:
                  - start: 86
                    end: 88
                  - 14
      14:
        - start: 88
          end: 93
        - tag:
            - start: 88
              end: 89
            - NameAndType
          constant:
            - start: 89
              end: 93
            - NameAndType:
                name_index:
                  - start: 89
                    end: 91
                  - 15
                type_index:
                  - start: 91
                    end: 93
                  - 16
      15:
        - start: 93
          end: 103
        - tag:
            - start: 93
              end: 94
            - Utf8
          constant:
            - start: 94
              end: 103
            - Utf8:
                length:
                  - start: 94
                    end: 96
                  - 7
                bytes:
                  - start: 96
                    end: 103
                  - - 36
                    - 86
                    - 65
                    - 76
                    - 85
                    - 69
                    - 83
      16:
        - start: 103
          end: 113
        - tag:
            - start: 103
              end: 104
            - Utf8
          constant:
            - start: 104
              end: 113
            - Utf8:
                length:
                  - start: 104
                    end: 106
                  - 7
                bytes:
                  - start: 106
                    end: 113
                  - - 91
                    - 76
                    - 69
                    - 110
                    - 117
                    - 109
                    - 59
      17:
        - start: 113
          end: 118
        - tag:
            - start: 113
              end: 114
            - MethodRef
          constant:
            - start: 114
              end: 118
            - MethodRef:
                class_index:
                  - start: 114
                    end: 116
                  - 18
                name_and_type_index:
                  - start: 116
                    end: 118
                  - 19
      18:
        - start: 118
          end: 121
        - tag:
            - start: 118
              end: 119
            - Class
          constant:
            - start: 119
              end: 121
            - Class:
                name_index:
                  - start: 119
                    end: 121
                  - 16
      19:
        - start: 121
          end: 126
        - tag:
            - start: 121
              end: 122
            - NameAndType
          constant:
            - start: 122
              end: 126
            - NameAndType:
                name_index:
                  - start: 122
                    end: 124
                  - 20
                type_index:
                  - start: 124
                    end: 126
                  - 21
      20:
        - start: 126
          end: 134
        - tag:
            - start: 126
              end: 127
            - Utf8
          constant:
            - start: 127
              end: 134
            - Utf8:
                length:
                  - start: 127
                    end: 129
                  - 5
                bytes:
                  - start: 129
                    end: 134
                  - - 99
                    - 108
                    - 111
                    - 110
                    - 101
      21:
        - start: 134
          end: 157
        - tag:
            - start: 134
              end: 135
            - Utf8
          constant:
            - start: 135
              end: 157
            - Utf8:
                length:
                  - start: 135
                    end: 137
                  - 20
                bytes:
                  - start: 137
                    end: 157
                  - - 40
                    - 41
                    - 76
                    - 106
                    - 97
                    - 118
                    - 97
                    - 47
                    - 108
                    - 97
                    - 110
                    - 103
                    - 47
                    - 79
                    - 98
                    - 106
                    - 101
                    - 99
                    - 116
                    - 59
      22:
        - start: 157
          end: 162
        - tag:
            - start: 157
              end: 158
            - MethodRef
          constant:
            - start: 158
              end: 162
            - MethodRef:
                class_index:
                  - start: 158
                    end: 160
                  - 23
                name_and_type_index:
                  - start: 160
                    end: 162
                  - 24
      23:
        - start: 162
          end: 165
        - tag:
            - start: 162
              end: 163
            - Class
          constant:
            - start: 163
              end: 165
            - Class:
                name_index:
                  - start: 163
                    end: 165
                  - 25
      24:
        - start: 165
          end: 170
        - tag:
            - start: 165
              end: 166
            - NameAndType
          constant:
            - start: 166
              end: 170
            - NameAndType:
                name_index:
                  - start: 166
                    end: 168
                  - 26
                type_index:
                  - start: 168
                    end: 170
                  - 27
      25:
        - start: 170
          end: 187
        - tag:
            - start: 170
              end: 171
            - Utf8
          constant:
            - start: 171
              end: 187
            - Utf8:
                length:
                  - start: 171
                    end: 173
                  - 14
                bytes:
                  - start: 173
                    end: 187
                  - - 106
                    - 97
                    - 118
                    - 97
                    - 47
                    - 108
                    - 97
                    - 110
                    - 103
                    - 47
                    - 69
                    - 110
                    - 117
                    - 109
      26:
        - start: 187
          end: 197
        - tag:
            - start: 187
              end: 188
            - Utf8
          constant:
            - start: 188
              end: 197
            - Utf8:
                length:
                  - start: 188
                    end: 190
                  - 7
                bytes:
                  - start: 190
                    end: 197
                  - - 118
                    - 97
                    - 108
                    - 117
                    - 101
                    - 79
                    - 102
      27:
        - start: 197
          end: 253
        - tag:
            - start: 197
              end: 198
            - Utf8
          constant:
            - start: 198
              end: 253
            - Utf8:
                length:
                  - start: 198
                    end: 200
                  - 53
                bytes:
                  - start: 200
                    end: 253
                  - - 40
                    - 76
                    - 106
                    - 97
                    - 118
                    - 97
                    - 47
                    - 108
                    - 97
                    - 110
                    - 103
                    - 47
                    - 67
                    - 108
                    - 97
                    - 115
                    - 115
                    - 59
                    - 76
                    - 106
                    - 97
                    - 118
                    - 97
                    - 47
                    - 108
                    - 97
                    - 110
                    - 103
                    - 47
                    - 83
                    - 116
                    - 114
                    - 105
                    - 110
                    - 103
                    - 59
                    - 41
                    - 76
                    - 106
                    - 97
                    - 118
                    - 97
                    - 47
                    - 108
                    - 97
                    - 110
                    - 103
                    - 47
                    - 69
                    - 110
                    - 117
                    - 109
                    - 59
      28:
        - start: 253
          end: 258
        - tag:
            - start: 253
              end: 254
            - MethodRef
          constant:
            - start: 254
              end: 258
            - MethodRef:
                class_index:
                  - start: 254
                    end: 256
                  - 23
                name_and_type_index:
                  - start: 256
                    end: 258
                  - 29
      29:
        - start: 258
          end: 263
        - tag:
            - start: 258
              end: 259
            - NameAndType
          constant:
            - start: 259
              end: 263
            - NameAndType:
                name_index:
                  - start: 259
                    end: 261
                  - 30
                type_index:
                  - start: 261
                    end: 263
                  - 31
      30:
        - start: 263
          end: 272
        - tag:
            - start: 263
              end: 264
            - Utf8
          constant:
            - start: 264
              end: 272
            - Utf8:
                length:
                  - start: 264
                    end: 266
                  - 6
                bytes:
                  - start: 266
                    end: 272
                  - - 60
                    - 105
                    - 110
                    - 105
                    - 116
                    - 62
      31:
        - start: 272
          end: 297
        - tag:
            - start: 272
              end: 273
            - Utf8
          constant:
            - start: 273
              end: 297
            - Utf8:
                length:
                  - start: 273
                    end: 275
                  - 22
                bytes:
                  - start: 275
                    end: 297
                  - - 40
                    - 76
                    - 106
                    - 97
                    - 118
                    - 97
                    - 47
                    - 108
                    - 97
                    - 110
                    - 103
                    - 47
                    - 83
                    - 116
                    - 114
                    - 105
                    - 110
                    - 103
                    - 59
                    - 73
                    - 41
                    - 86
      32:
        - start: 297
          end: 300
        - tag:
            - start: 297
              end: 298
            - String
          constant:
            - start: 298
              end: 300
            - String:
                string_index:
                  - start: 298
                    end: 300
                  - 5
      33:
        - start: 300
          end: 305
        - tag:
            - start: 300
              end: 301
            - MethodRef
          constant:
            - start: 301
              end: 305
            - MethodRef:
                class_index:
                  - start: 301
                    end: 303
                  - 1
                name_and_type_index:
                  - start: 303
                    end: 305
                  - 29
      34:
        - start: 305
          end: 308
        - tag:
            - start: 305
              end: 306
            - String
          constant:
            - start: 306
              end: 308
            - String:
                string_index:
                  - start: 306
                    end: 308
                  - 9
      35:
        - start: 308
          end: 311
        - tag:
            - start: 308
              end: 309
            - String
          constant:
            - start: 309
              end: 311
            - String:
                string_index:
                  - start: 309
                    end: 311
                  - 12
      36:
        - start: 311
          end: 316
        - tag:
            - start: 311
              end: 312
            - MethodRef
          constant:
            - start: 312
              end: 316
            - MethodRef:
                class_index:
                  - start: 312
                    end: 314
                  - 1
                name_and_type_index:
                  - start: 314
                    end: 316
                  - 37
      37:
        - start: 316
          end: 321
        - tag:
            - start: 316
              end: 317
            - NameAndType
          constant:
            - start: 317
              end: 321
            - NameAndType:
                name_index:
                  - start: 317
                    end: 319
                  - 38
                type_index:
                  - start: 319
                    end: 321
                  - 39
      38:
        - start: 321
          end: 331
        - tag:
            - start: 321
              end: 322
            - Utf8
          constant:
            - start: 322
              end: 331
            - Utf8:
                length:
                  - start: 322
                    end: 324
                  - 7
                bytes:
                  - start: 324
                    end: 331
                  - - 36
                    - 118
                    - 97
                    - 108
                    - 117
                    - 101
                    - 115
      39:
        - start: 331
          end: 343
        - tag:
            - start: 331
              end: 332
            - Utf8
          constant:
            - start: 332
              end: 343
            - Utf8:
                length:
                  - start: 332
                    end: 334
                  - 9
                bytes:
                  - start: 334
                    end: 343
                  - - 40
                    - 41
                    - 91
                    - 76
                    - 69
                    - 110
                    - 117
                    - 109
                    - 59
      40:
        - start: 343
          end: 352
        - tag:
            - start: 343
              end: 344
            - Utf8
          constant:
            - start: 344
              end: 352
            - Utf8:
                length:
                  - start: 344
                    end: 346
                  - 6
                bytes:
                  - start: 346
                    end: 352
                  - - 118
                    - 97
                    - 108
                    - 117
                    - 101
                    - 115
      41:
        - start: 352
          end: 359
        - tag:
            - start: 352
              end: 353
            - Utf8
          constant:
            - start: 353
              end: 359
            - Utf8:
                length:
                  - start: 353
                    end: 355
                  - 4
                bytes:
                  - start: 355
                    end: 359
                  - - 67
                    - 111
                    - 100
                    - 101
      42:
        - start: 359
          end: 377
        - tag:
            - start: 359
              end: 360
            - Utf8
          constant:
            - start: 360
              end: 377
            - Utf8:
                length:
                  - start: 360
                    end: 362
                  - 15
                bytes:
                  - start: 362
                    end: 377
                  - - 76
                    - 105
                    - 110
                    - 101
                    - 78
                    - 117
                    - 109
                    - 98
                    - 101
                    - 114
                    - 84
                    - 97
                    - 98
                    - 108
                    - 101
      43:
        - start: 377
          end: 406
        - tag:
            - start: 377
              end: 378
            - Utf8
          constant:
            - start: 378
              end: 406
            - Utf8:
                length:
                  - start: 378
                    end: 380
                  - 26
                bytes:
                  - start: 380
                    end: 406
                  - - 40
                    - 76
                    - 106
                    - 97
                    - 118
                    - 97
                    - 47
                    - 108
                    - 97
                    - 110
                    - 103
                    - 47
                    - 83
                    - 116
                    - 114
                    - 105
                    - 110
                    - 103
                    - 59
                    - 41
                    - 76
                    - 69
                    - 110
                    - 117
                    - 109
                    - 59
      44:
        - start: 406
          end: 427
        - tag:
            - start: 406
              end: 407
            - Utf8
          constant:
            - start: 407
              end: 427
            - Utf8:
                length:
                  - start: 407
                    end: 409
                  - 18
                bytes:
                  - start: 409
                    end: 427
                  - - 76
                    - 111
                    - 99
                    - 97
                    - 108
                    - 86
                    - 97
                    - 114
                    - 105
                    - 97
                    - 98
                    - 108
                    - 101
                    - 84
                    - 97
                    - 98
                    - 108
                    - 101
      45:
        - start: 427
          end: 434
        - tag:
            - start: 427
              end: 428
            - Utf8
          constant:
            - start: 428
              end: 434
            - Utf8:
                length:
                  - start: 428
                    end: 430
                  - 4
                bytes:
                  - start: 430
                    end: 434
                  - - 110
                    - 97
                    - 109
                    - 101
      46:
        - start: 434
          end: 455
        - tag:
            - start: 434
              end: 435
            - Utf8
          constant:
            - start: 435
              end: 455
            - Utf8:
                length:
                  - start: 435
                    end: 437
                  - 18
                bytes:
                  - start: 437
                    end: 455
                  - - 76
                    - 106
                    - 97
                    - 118
                    - 97
                    - 47
                    - 108
                    - 97
                    - 110
                    - 103
                    - 47
                    - 83
                    - 116
                    - 114
                    - 105
                    - 110
                    - 103
                    - 59
      47:
        - start: 455
          end: 462
        - tag:
            - start: 455
              end: 456
            - Utf8
          constant:
            - start: 456
              end: 462
            - Utf8:
                length:
                  - start: 456
                    end: 458
                  - 4
                bytes:
                  - start: 458
                    end: 462
                  - - 116
                    - 104
                    - 105
                    - 115
      48:
        - start: 462
          end: 474
        - tag:
            - start: 462
              end: 463
            - Utf8
          constant:
            - start: 463
              end: 474
            - Utf8:
                length:
                  - start: 463
                    end: 465
                  - 9
                bytes:
                  - start: 465
                    end: 474
                  - - 83
                    - 105
                    - 103
                    - 110
                    - 97
                    - 116
                    - 117
                    - 114
                    - 101
      49:
        - start: 474
          end: 480
        - tag:
            - start: 474
              end: 475
            - Utf8
          constant:
            - start: 475
              end: 480
            - Utf8:
                length:
                  - start: 475
                    end: 477
                  - 3
                bytes:
                  - start: 477
                    end: 480
                  - - 40
                    - 41
                    - 86
      50:
        - start: 480
          end: 491
        - tag:
            - start: 480
              end: 481
            - Utf8
          constant:
            - start: 481
              end: 491
            - Utf8:
                length:
                  - start: 481
                    end: 483
                  - 8
                bytes:
                  - start: 483
                    end: 491
                  - - 60
                    - 99
                    - 108
                    - 105
                    - 110
                    - 105
                    - 116
                    - 62
      51:
        - start: 491
          end: 518
        - tag:
            - start: 491
              end: 492
            - Utf8
          constant:
            - start: 492
              end: 518
            - Utf8:
                length:
                  - start: 492
                    end: 494
                  - 24
                bytes:
                  - start: 494
                    end: 518
                  - - 76
                    - 106
                    - 97
                    - 118
                    - 97
                    - 47
                    - 108
                    - 97
                    - 110
                    - 103
                    - 47
                    - 69
                    - 110
                    - 117
                    - 109
                    - 60
                    - 76
                    - 69
                    - 110
                    - 117
                    - 109
                    - 59
                    - 62
                    - 59
      52:
        - start: 518
          end: 531
        - tag:
            - start: 518
              end: 519
            - Utf8
          constant:
            - start: 519
              end: 531
            - Utf8:
                length:
                  - start: 519
                    end: 521
                  - 10
                bytes:
                  - start: 521
                    end: 531
                  - - 83
                    - 111
                    - 117
                    - 114
                    - 99
                    - 101
                    - 70
                    - 105
                    - 108
                    - 101
      53:
        - start: 531
          end: 543
        - tag:
            - start: 531
              end: 532
            - Utf8
          constant:
            - start: 532
              end: 543
            - Utf8:
                length:
                  - start: 532
                    end: 534
                  - 9
                bytes:
                  - start: 534
                    end: 543
                  - - 69
                    - 110
                    - 117
                    - 109
                    - 46
                    - 106
                    - 97
                    - 118
                    - 97
access_flags:
  - start: 543
    end: 545
  - - Public
    - Final
    - Super
    - Enum
this_class:
  - start: 545
    end: 547
  - 1
super_class:
  - start: 547
    end: 549
  - 23
interfaces_count:
  - start: 549
    end: 551
  - 0
interfaces:
  - start: 551
    end: 551
  - []
fields_count:
  - start: 551
    end: 553
  - 4
fields:
  - start: 553
    end: 585
  - - - start: 553
        end: 561
      - access_flags:
          - start: 553
            end: 555
          - - Public
            - Static
            - Final
            - Enum
        name_index:
          - start: 555
            end: 557
          - 5
        descriptor_index:
          - start: 557
            end: 559
          - 6
        attribute_infos_len:
          - start: 559
            end: 561
          - 0
        attribute_infos:
          - start: 561
            end: 561
          - []
    - - start: 561
        end: 569
      - access_flags:
          - start: 561
            end: 563
          - - Public
            - Static
            - Final
            - Enum
        name_index:
          - start: 563
            end: 565
          - 9
        descriptor_index:
          - start: 565
            end: 567
          - 6
        attribute_infos_len:
          - start: 567
            end: 569
          - 0
        attribute_infos:
          - start: 569
            end: 569
          - []
    - - start: 569
        end: 577
      - access_flags:
          - start: 569
            end: 571
          - - Public
            - Static
            - Final
            - Enum
        name_index:
          - start: 571
            end: 573
          - 12
        descriptor_index:
          - start: 573
            end: 575
          - 6
        attribute_infos_len:
          - start: 575
            end: 577
          - 0
        attribute_infos:
          - start: 577
            end: 577
          - []
    - - start: 577
        end: 585
      - access_flags:
          - start: 577
            end: 579
          - - Private
            - Static
            - Final
            - Synthetic
        name_index:
          - start: 579
            end: 581
          - 15
        descriptor_index:
          - start: 581
            end: 583
          - 16
        attribute_infos_len:
          - start: 583
            end: 585
          - 0
        attribute_infos:
          - start: 585
            end: 585
          - []
methods_count:
  - start: 585
    end: 587
  - 5
methods:
  - start: 587
    end: 929
  - - - start: 587
        end: 635
      - access_flags:
          - start: 587
            end: 589
          - - Public
            - Static
        name_index:
          - start: 589
            end: 591
          - 40
        descriptor_index:
          - start: 591
            end: 593
          - 39
        attribute_infos_len:
          - start: 593
            end: 595
          - 1
        attribute_infos:
          - start: 595
            end: 635
          - - - start: 595
                end: 635
              - attribute_name_index:
                  - start: 595
                    end: 597
                  - 41
                attribute_len:
                  - start: 597
                    end: 601
                  - 34
                info:
                  - start: 601
                    end: 635
                  - - 0
                    - 1
                    - 0
                    - 0
                    - 0
                    - 0
                    - 0
                    - 10
                    - 178
                    - 0
                    - 13
                    - 182
                    - 0
                    - 17
                    - 192
                    - 0
                    - 18
                    - 176
                    - 0
                    - 0
                    - 0
                    - 1
                    - 0
                    - 42
                    - 0
                    - 0
                    - 0
                    - 6
                    - 0
                    - 1
                    - 0
                    - 0
                    - 0
                    - 1
                attribute:
                  - start: 601
                    end: 635
                  - Code:
                      max_stack:
                        - start: 601
                          end: 603
                        - 1
                      max_locals:
                        - start: 603
                          end: 605
                        - 0
                      code_length:
                        - start: 605
                          end: 609
                        - 10
                      code:
                        - start: 609
                          end: 619
                        - - 178
                          - 0
                          - 13
                          - 182
                          - 0
                          - 17
                          - 192
                          - 0
                          - 18
                          - 176
                      instructions:
                        - start: 609
                          end: 619
                        - - - start: 609
                              end: 612
                            - GETSTATIC:
                                index:
                                  - start: 610
                                    end: 612
                                  - 13
                          - - start: 612
                              end: 615
                            - INVOKEVIRTUAL:
                                index:
                                  - start: 613
                                    end: 615
                                  - 17
                          - - start: 615
                              end: 618
                            - CHECKCAST:
                                index:
                                  - start: 616
                                    end: 618
                                  - 18
                          - - start: 618
                              end: 619
                            - ARETURN
                      exception_table_length:
                        - start: 619
                          end: 621
                        - 0
                      exception_table:
                        - start: 621
                          end: 621
                        - []
                      attributes_length:
                        - start: 621
                          end: 623
                        - 1
                      attributes:
                        - start: 623
                          end: 635
                        - - - start: 623
                              end: 635
                            - attribute_name_index:
                                - start: 623
                                  end: 625
                                - 42
                              attribute_len:
                                - start: 625
                                  end: 629
                                - 6
                              info:
                                - start: 629
                                  end: 635
                                - - 0
                                  - 1
                                  - 0
                                  - 0
                                  - 0
                                  - 1
                              attribute:
                                - start: 629
                                  end: 635
                                - LineNumberTable:
                                    line_number_table_length:
                                      - start: 629
                                        end: 631
                                      - 1
                                    line_number_table:
                                      - start: 631
                                        end: 635
                                      - - - start: 631
                                            end: 635
                                          - start_pc:
                                              - start: 631
                                                end: 633
                                              - 0
                                            line_number:
                                              - start: 633
                                                end: 635
                                              - 1
    - - start: 635
        end: 701
      - access_flags:
          - start: 635
            end: 637
          - - Public
            - Static
        name_index:
          - start: 637
            end: 639
          - 26
        descriptor_index:
          - start: 639
            end: 641
          - 43
        attribute_infos_len:
          - start: 641
            end: 643
          - 1
        attribute_infos:
          - start: 643
            end: 701
          - - - start: 643
                end: 701
              - attribute_name_index:
                  - start: 643
                    end: 645
                  - 41
                attribute_len:
                  - start: 645
                    end: 649
                  - 52
                info:
                  - start: 649
                    end: 701
                  - - 0
                    - 2
                    - 0
                    - 1
                    - 0
                    - 0
                    - 0
                    - 10
                    - 18
                    - 1
                    - 42
                    - 184
                    - 0
                    - 22
                    - 192
                    - 0
                    - 1
                    - 176
                    - 0
                    - 0
                    - 0
                    - 2
                    - 0
                    - 42
                    - 0
                    - 0
                    - 0
                    - 6
                    - 0
                    - 1
                    - 0
                    - 0
                    - 0
                    - 1
                    - 0
                    - 44
                    - 0
                    - 0
                    - 0
                    - 12
                    - 0
                    - 1
                    - 0
                    - 0
                    - 0
                    - 10
                    - 0
                    - 45
                    - 0
                    - 46
                    - 0
                    - 0
                attribute:
                  - start: 649
                    end: 701
                  - Code:
                      max_stack:
                        - start: 649
                          end: 651
                        - 2
                      max_locals:
                        - start: 651
                          end: 653
                        - 1
                      code_length:
                        - start: 653
                          end: 657
                        - 10
                      code:
                        - start: 657
                          end: 667
                        - - 18
                          - 1
                          - 42
                          - 184
                          - 0
                          - 22
                          - 192
                          - 0
                          - 1
                          - 176
                      instructions:
                        - start: 657
                          end: 667
                        - - - start: 657
                              end: 659
                            - LDC:
                                index:
                                  - start: 658
                                    end: 659
                                  - 1
                          - - start: 659
                              end: 660
                            - ALOAD_0
                          - - start: 660
                              end: 663
                            - INVOKESTATIC:
                                index:
                                  - start: 661
                                    end: 663
                                  - 22
                          - - start: 663
                              end: 666
                            - CHECKCAST:
                                index:
                                  - start: 664
                                    end: 666
                                  - 1
                          - - start: 666
                              end: 667
                            - ARETURN
                      exception_table_length:
                        - start: 667
                          end: 669
                        - 0
                      exception_table:
                        - start: 669
                          end: 669
                        - []
                      attributes_length:
                        - start: 669
                          end: 671
                        - 2
                      attributes:
                        - start: 671
                          end: 701
                        - - - start: 671
                              end: 683
                            - attribute_name_index:
                                - start: 671
                                  end: 673
                                - 42
                              attribute_len:
                                - start: 673
                                  end: 677
                                - 6
                              info:
                                - start: 677
                                  end: 683
                                - - 0
                                  - 1
                                  - 0
                                  - 0
                                  - 0
                                  - 1
                              attribute:
                                - start: 677
                                  end: 683
                                - LineNumberTable:
                                    line_number_table_length:
                                      - start: 677
                                        end: 679
                                      - 1
                                    line_number_table:
                                      - start: 679
                                        end: 683
                                      - - - start: 679
                                            end: 683
                                          - start_pc:
                                              - start: 679
                                                end: 681
                                              - 0
                                            line_number:
                                              - start: 681
                                                end: 683
                                              - 1
                          - - start: 683
                              end: 701
                            - attribute_name_index:
                                - start: 683
                                  end: 685
                                - 44
                              attribute_len:
                                - start: 685
                                  end: 689
                                - 12
                              info:
                                - start: 689
                                  end: 701
                                - - 0
                                  - 1
                                  - 0
                                  - 0
                                  - 0
                                  - 10
                                  - 0
                                  - 45
                                  - 0
                                  - 46
                                  - 0
                                  - 0
                              attribute:
                                - start: 689
                                  end: 701
                                - LocalVariableTable:
                                    local_variable_table_length:
                                      - start: 689
                                        end: 691
                                      - 1
                                    local_variable_table:
                                      - start: 691
                                        end: 701
                                      - - - start: 691
                                            end: 701
                                          - start_pc:
                                              - start: 691
                                                end: 693
                                              - 0
                                            length:
                                              - start: 693
                                                end: 695
                                              - 10
                                            name_index:
                                              - start: 695
                                                end: 697
                                              - 45
                                            descriptor_index:
                                              - start: 697
                                                end: 699
                                              - 46
                                            index:
                                              - start: 699
                                                end: 701
                                              - 0
    - - start: 701
        end: 772
      - access_flags:
          - start: 701
            end: 703
          - - Private
        name_index:
          - start: 703
            end: 705
          - 30
        descriptor_index:
          - start: 705
            end: 707
          - 31
        attribute_infos_len:
          - start: 707
            end: 709
          - 2
        attribute_infos:
          - start: 709
            end: 772
          - - - start: 709
                end: 764
              - attribute_name_index:
                  - start: 709
                    end: 711
                  - 41
                attribute_len:
                  - start: 711
                    end: 715
                  - 49
                info:
                  - start: 715
                    end: 764
                  - - 0
                    - 3
                    - 0
                    - 3
                    - 0
                    - 0
                    - 0
                    - 7
                    - 42
                    - 43
                    - 28
                    - 183
                    - 0
                    - 28
                    - 177
                    - 0
                    - 0
                    - 0
                    - 2
                    - 0
                    - 42
                    - 0
                    - 0
                    - 0
                    - 6
                    - 0
                    - 1
                    - 0
                    - 0
                    - 0
                    - 1
                    - 0
                    - 44
                    - 0
                    - 0
                    - 0
                    - 12
                    - 0
                    - 1
                    - 0
                    - 0
                    - 0
                    - 7
                    - 0
                    - 47
                    - 0
                    - 6
                    - 0
                    - 0
                attribute:
                  - start: 715
                    end: 764
                  - Code:
                      max_stack:
                        - start: 715
                          end: 717
                        - 3
                      max_locals:
                        - start: 717
                          end: 719
                        - 3
                      code_length:
                        - start: 719
                          end: 723
                        - 7
                      code:
                        - start: 723
                          end: 730
                        - - 42
                          - 43
                          - 28
                          - 183
                          - 0
                          - 28
                          - 177
                      instructions:
                        - start: 723
                          end: 730
                        - - - start: 723
                              end: 724
                            - ALOAD_0
                          - - start: 724
                              end: 725
                            - ALOAD_1
                          - - start: 725
                              end: 726
                            - ILOAD_2
                          - - start: 726
                              end: 729
                            - INVOKESPECIAL:
                                index:
                                  - start: 727
                                    end: 729
                                  - 28
                          - - start: 729
                              end: 730
                            - RETURN
                      exception_table_length:
                        - start: 730
                          end: 732
                        - 0
                      exception_table:
                        - start: 732
                          end: 732
                        - []
                      attributes_length:
                        - start: 732
                          end: 734
                        - 2
                      attributes:
                        - start: 734
                          end: 764
                        - - - start: 734
                              end: 746
                            - attribute_name_index:
                                - start: 734
                                  end: 736
                                - 42
                              attribute_len:
                                - start: 736
                                  end: 740
                                - 6
                              info:
                                - start: 740
                                  end: 746
                                - - 0
                                  - 1
                                  - 0
                                  - 0
                                  - 0
                                  - 1
                              attribute:
                                - start: 740
                                  end: 746
                                - LineNumberTable:
                                    line_number_table_length:
                                      - start: 740
                                        end: 742
                                      - 1
                                    line_number_table:
                                      - start: 742
                                        end: 746
                                      - - - start: 742
                                            end: 746
                                          - start_pc:
                                              - start: 742
                                                end: 744
                                              - 0
                                            line_number:
                                              - start: 744
                                                end: 746
                                              - 1
                          - - start: 746
                              end: 764
                            - attribute_name_index:
                                - start: 746
                                  end: 748
                                - 44
                              attribute_len:
                                - start: 748
                                  end: 752
                                - 12
                              info:
                                - start: 752
                                  end: 764
                                - - 0
                                  - 1
                                  - 0
                                  - 0
                                  - 0
                                  - 7
                                  - 0
                                  - 47
                                  - 0
                                  - 6
                                  - 0
                                  - 0
                              attribute:
                                - start: 752
                                  end: 764
                                - LocalVariableTable:
                                    local_variable_table_length:
                                      - start: 752
                                        end: 754
                                      - 1
                                    local_variable_table:
                                      - start: 754
                                        end: 764
                                      - - - start: 754
                                            end: 764
                                          - start_pc:
                                              - start: 754
                                                end: 756
                                              - 0
                                            length:
                                              - start: 756
                                                end: 758
                                              - 7
                                            name_index:
                                              - start: 758
                                                end: 760
                                              - 47
                                            descriptor_index:
                                              - start: 760
                                                end: 762
                                              - 6
                                            index:
                                              - start: 762
                                                end: 764
                                              - 0
            - - start: 764
                end: 772
              - attribute_name_index:
                  - start: 764
                    end: 766
                  - 48
                attribute_len:
                  - start: 766
                    end: 770
                  - 2
                info:
                  - start: 770
                    end: 772
                  - - 0
                    - 49
                attribute:
                  - start: 770
                    end: 772
                  - Signature:
                      signature_index:
                        - start: 770
                          end: 772
                        - 49
    - - start: 772
        end: 833
      - access_flags:
          - start: 772
            end: 774
          - - Private
            - Static
            - Synthetic
        name_index:
          - start: 774
            end: 776
          - 38
        descriptor_index:
          - start: 776
            end: 778
          - 39
        attribute_infos_len:
          - start: 778
            end: 780
          - 1
        attribute_infos:
          - start: 780
            end: 833
          - - - start: 780
                end: 833
              - attribute_name_index:
                  - start: 780
                    end: 782
                  - 41
                attribute_len:
                  - start: 782
                    end: 786
                  - 47
                info:
                  - start: 786
                    end: 833
                  - - 0
                    - 4
                    - 0
                    - 0
                    - 0
                    - 0
                    - 0
                    - 23
                    - 6
                    - 189
                    - 0
                    - 1
                    - 89
                    - 3
                    - 178
                    - 0
                    - 3
                    - 83
                    - 89
                    - 4
                    - 178
                    - 0
                    - 7
                    - 83
                    - 89
                    - 5
                    - 178
                    - 0
                    - 10
                    - 83
                    - 176
                    - 0
                    - 0
                    - 0
                    - 1
                    - 0
                    - 42
                    - 0
                    - 0
                    - 0
                    - 6
                    - 0
                    - 1
                    - 0
                    - 0
                    - 0
                    - 1
                attribute:
                  - start: 786
                    end: 833
                  - Code:
                      max_stack:
                        - start: 786
                          end: 788
                        - 4
                      max_locals:
                        - start: 788
                          end: 790
                        - 0
                      code_length:
                        - start: 790
                          end: 794
                        - 23
                      code:
                        - start: 794
                          end: 817
                        - - 6
                          - 189
                          - 0
                          - 1
                          - 89
                          - 3
                          - 178
                          - 0
                          - 3
                          - 83
                          - 89
                          - 4
                          - 178
                          - 0
                          - 7
                          - 83
                          - 89
                          - 5
                          - 178
                          - 0
                          - 10
                          - 83
                          - 176
                      instructions:
                        - start: 794
                          end: 817
                        - - - start: 794
                              end: 795
                            - ICONST_3
                          - - start: 795
                              end: 798
                            - ANEWARRAY:
                                index:
                                  - start: 796
                                    end: 798
                                  - 1
                          - - start: 798
                              end: 799
                            - DUP
                          - - start: 799
                              end: 800
                            - ICONST_0
                          - - start: 800
                              end: 803
                            - GETSTATIC:
                                index:
                                  - start: 801
                                    end: 803
                                  - 3
                          - - start: 803
                              end: 804
                            - AASTORE
                          - - start: 804
                              end: 805
                            - DUP
                          - - start: 805
                              end: 806
                            - ICONST_1
                          - - start: 806
                              end: 809
                            - GETSTATIC:
                                index:
                                  - start: 807
                                    end: 809
                                  - 7
                          - - start: 809
                              end: 810
                            - AASTORE
                          - - start: 810
                              end: 811
                            - DUP
                          - - start: 811
                              end: 812
                            - ICONST_2
                          - - start: 812
                              end: 815
                            - GETSTATIC:
                                index:
                                  - start: 813
                                    end: 815
                                  - 10
                          - - start: 815
                              end: 816
                            - AASTORE
                          - - start: 816
                              end: 817
                            - ARETURN
                      exception_table_length:
                        - start: 817
                          end: 819
                        - 0
                      exception_table:
                        - start: 819
                          end: 819
                        - []
                      attributes_length:
                        - start: 819
                          end: 821
                        - 1
                      attributes:
                        - start: 821
                          end: 833
                        - - - start: 821
                              end: 833
                            - attribute_name_index:
                                - start: 821
                                  end: 823
                                - 42
                              attribute_len:
                                - start: 823
                                  end: 827
                                - 6
                              info:
                                - start: 827
                                  end: 833
                                - - 0
                                  - 1
                                  - 0
                                  - 0
                                  - 0
                                  - 1
                              attribute:
                                - start: 827
                                  end: 833
                                - LineNumberTable:
                                    line_number_table_length:
                                      - start: 827
                                        end: 829
                                      - 1
                                    line_number_table:
                                      - start: 829
                                        end: 833
                                      - - - start: 829
                                            end: 833
                                          - start_pc:
                                              - start: 829
                                                end: 831
                                              - 0
                                            line_number:
                                              - start: 831
                                                end: 833
                                              - 1
    - - start: 833
        end: 929
      - access_flags:
          - start: 833
            end: 835
          - - Static
        name_index:
          - start: 835
            end: 837
          - 50
        descriptor_index:
          - start: 837
            end: 839
          - 49
        attribute_infos_len:
          - start: 839
            end: 841
          - 1
        attribute_infos:
          - start: 841
            end: 929
          - - - start: 841
                end: 929
              - attribute_name_index:
                  - start: 841
                    end: 843
                  - 41
                attribute_len:
                  - start: 843
                    end: 847
                  - 82
                info:
                  - start: 847
                    end: 929
                  - - 0
                    - 4
                    - 0
                    - 0
                    - 0
                    - 0
                    - 0
                    - 46
                    - 187
                    - 0
                    - 1
                    - 89
                    - 18
                    - 32
                    - 3
                    - 183
                    - 0
                    - 33
                    - 179
                    - 0
                    - 3
                    - 187
                    - 0
                    - 1
                    - 89
                    - 18
                    - 34
                    - 4
                    - 183
                    - 0
                    - 33
                    - 179
                    - 0
                    - 7
                    - 187
                    - 0
                    - 1
                    - 89
                    - 18
                    - 35
                    - 5
                    - 183
                    - 0
                    - 33
                    - 179
                    - 0
                    - 10
                    - 184
                    - 0
                    - 36
                    - 179
                    - 0
                    - 13
                    - 177
                    - 0
                    - 0
                    - 0
                    - 1
                    - 0
                    - 42
                    - 0
                    - 0
                    - 0
                    - 18
                    - 0
                    - 4
                    - 0
                    - 0
                    - 0
                    - 2
                    - 0
                    - 13
                    - 0
                    - 3
                    - 0
                    - 26
                    - 0
                    - 4
                    - 0
                    - 39
                    - 0
                    - 1
                attribute:
                  - start: 847
                    end: 929
                  - Code:
                      max_stack:
                        - start: 847
                          end: 849
                        - 4
                      max_locals:
                        - start: 849
                          end: 851
                        - 0
                      code_length:
                        - start: 851
                          end: 855
                        - 46
                      code:
                        - start: 855
                          end: 901
                        - - 187
                          - 0
                          - 1
                          - 89
                          - 18
                          - 32
                          - 3
                          - 183
                          - 0
                          - 33
                          - 179
                          - 0
                          - 3
                          - 187
                          - 0
                          - 1
                          - 89
                          - 18
                          - 34
                          - 4
                          - 183
                          - 0
                          - 33
                          - 179
                          - 0
                          - 7
                          - 187
                          - 0
                          - 1
                          - 89
                          - 18
                          - 35
                          - 5
                          - 183
                          - 0
                          - 33
                          - 179
                          - 0
                          - 10
                          - 184
                          - 0
                          - 36
                          - 179
                          - 0
                          - 13
                          - 177
                      instructions:
                        - start: 855
                          end: 901
                        - - - start: 855
                              end: 858
                            - NEW:
                                index:
                                  - start: 856
                                    end: 858
                                  - 1
                          - - start: 858
                              end: 859
                            - DUP
                          - - start: 859
                              end: 861
                            - LDC:
                                index:
                                  - start: 860
                                    end: 861
                                  - 32
                          - - start: 861
                              end: 862
                            - ICONST_0
                          - - start: 862
                              end: 865
                            - INVOKESPECIAL:
                                index:
                                  - start: 863
                                    end: 865
                                  - 33
                          - - start: 865
                              end: 868
                            - PUTSTATIC:
                                index:
                                  - start: 866
                                    end: 868
                                  - 3
                          - - start: 868
                              end: 871
                            - NEW:
                                index:
                                  - start: 869
                                    end: 871
                                  - 1
                          - - start: 871
                              end: 872
                            - DUP
                          - - start: 872
                              end: 874
                            - LDC:
                                index:
                                  - start: 873
                                    end: 874
                                  - 34
                          - - start: 874
                              end: 875
                            - ICONST_1
                          - - start: 875
                              end: 878
                            - INVOKESPECIAL:
                                index:
                                  - start: 876
                                    end: 878
                                  - 33
                          - - start: 878
                              end: 881
                            - PUTSTATIC:
                                index:
                                  - start: 879
                                    end: 881
                                  - 7
                          - - start: 881
                              end: 884
                            - NEW:
                                index:
                                  - start: 882
                                    end: 884
                                  - 1
                          - - start: 884
                              end: 885
                            - DUP
                          - - start: 885
                              end: 887
                            - LDC:
                                index:
                                  - start: 886
                                    end: 887
                                  - 35
                          - - start: 887
                              end: 888
                            - ICONST_2
                          - - start: 888
                              end: 891
                            - INVOKESPECIAL:
                                index:
                                  - start: 889
                                    end: 891
                                  - 33
                          - - start: 891
                              end: 894
                            - PUTSTATIC:
                                index:
                                  - start: 892
                                    end: 894
                                  - 10
                          - - start: 894
                              end: 897
                            - INVOKESTATIC:
                                index:
                                  - start: 895
                                    end: 897
                                  - 36
                          - - start: 897
                              end: 900
                            - PUTSTATIC:
                                index:
                                  - start: 898
                                    end: 900
                                  - 13
                          - - start: 900
                              end: 901
                            - RETURN
                      exception_table_length:
                        - start: 901
                          end: 903
                        - 0
                      exception_table:
                        - start: 903
                          end: 903
                        - []
                      attributes_length:
                        - start: 903
                          end: 905
                        - 1
                      attributes:
                        - start: 905
                          end: 929
                        - - - start: 905
                              end: 929
                            - attribute_name_index:
                                - start: 905
                                  end: 907
                                - 42
                              attribute_len:
                                - start: 907
                                  end: 911
                                - 18
                              info:
                                - start: 911
                                  end: 929
                                - - 0
                                  - 4
                                  - 0
                                  - 0
                                  - 0
                                  - 2
                                  - 0
                                  - 13
                                  - 0
                                  - 3
                                  - 0
                                  - 26
                                  - 0
                                  - 4
                                  - 0
                                  - 39
                                  - 0
                                  - 1
                              attribute:
                                - start: 911
                                  end: 929
                                - LineNumberTable:
                                    line_number_table_length:
                                      - start: 911
                                        end: 913
                                      - 4
                                    line_number_table:
                                      - start: 913
                                        end: 929
                                      - - - start: 913
                                            end: 917
                                          - start_pc:
                                              - start: 913
                                                end: 915
                                              - 0
                                            line_number:
                                              - start: 915
                                                end: 917
                                              - 2
                                        - - start: 917
                                            end: 921
                                          - start_pc:
                                              - start: 917
                                                end: 919
                                              - 13
                                            line_number:
                                              - start: 919
                                                end: 921
                                              - 3
                                        - - start: 921
                                            end: 925
                                          - start_pc:
                                              - start: 921
                                                end: 923
                                              - 26
                                            line_number:
                                              - start: 923
                                                end: 925
                                              - 4
                                        - - start: 925
                                            end: 929
                                          - start_pc:
                                              - start: 925
                                                end: 927
                                              - 39
                                            line_number:
                                              - start: 927
                                                end: 929
                                              - 1
attributes_count:
  - start: 929
    end: 931
  - 2
attributes:
  - start: 931
    end: 947
  - - - start: 931
        end: 939
      - attribute_name_index:
          - start: 931
            end: 933
          - 48
        attribute_len:
          - start: 933
            end: 937
          - 2
        info:
          - start: 937
            end: 939
          - - 0
            - 51
        attribute:
          - start: 937
            end: 939
          - Signature:
              signature_index:
                - start: 937
                  end: 939
                - 51
    - - start: 939
        end: 947
      - attribute_name_index:
          - start: 939
            end: 941
          - 52
        attribute_len:
          - start: 941
            end: 945
          - 2
        info:
          - start: 945
            end: 947
          - - 0
            - 53
        attribute:
          - start: 945
            end: 947
          - SourceFile:
              source_file_index:
                - start: 945
                  end: 947
                - 53

